[    2053ms] [INFO] %cDownload the React DevTools for a better development experience: https://react.dev/link/react-devtools font-weight:bold @ http://localhost:3737/_next/static/chunks/1697_next_dist_1o6awv_._.js:2477
[    2106ms] [LOG] [HMR] connected @ http://localhost:3737/_next/static/chunks/1697_next_dist_1o6awv_._.js:2477
[    2214ms] [WARNING] A preload for 'http://localhost:3737/DSC04192_LowRes.jpg' is found, but is not used because the request credentials mode does not match. Consider taking a look at crossorigin attribute. @ http://localhost:3737/_next/static/chunks/src_1mu7xvx._.js:1993
[    2234ms] [WARNING] A preload for 'http://localhost:3737/DSC04192_LowRes.jpg' is found, but is not used because the request credentials mode does not match. Consider taking a look at crossorigin attribute. @ http://localhost:3737/_next/static/chunks/src_1mu7xvx._.js:1993
[    2989ms] [WARNING] Canvas2D: Multiple readback operations using getImageData are faster with the willReadFrequently attribute set to true. See: https://html.spec.whatwg.org/multipage/canvas.html#concept-canvas-will-read-frequently @ http://localhost:3737/_next/static/chunks/src_1mu7xvx._.js:2040
[    3571ms] [LOG] [Worker] downsize request #1 sent @ http://localhost:3737/_next/static/chunks/1697_next_dist_1o6awv_._.js:2477
[    3576ms] [LOG] [Worker] downsize result #1 received (5ms) @ http://localhost:3737/_next/static/chunks/1697_next_dist_1o6awv_._.js:2477
[    3761ms] [LOG] [Worker] tone request #1 sent @ http://localhost:3737/_next/static/chunks/1697_next_dist_1o6awv_._.js:2477
[    3849ms] [LOG] [Worker] tone result #1 received (88ms) @ http://localhost:3737/_next/static/chunks/1697_next_dist_1o6awv_._.js:2477
[    3982ms] [LOG] [Worker] set-source sent @ http://localhost:3737/_next/static/chunks/1697_next_dist_1o6awv_._.js:2477
[    3983ms] [LOG] [Worker] histogram request #1 sent @ http://localhost:3737/_next/static/chunks/1697_next_dist_1o6awv_._.js:2477
[    3990ms] [LOG] [Worker] histogram result #1 received (7ms) @ http://localhost:3737/_next/static/chunks/1697_next_dist_1o6awv_._.js:2477
[    6396ms] [WARNING] The resource http://localhost:3737/DSC04192_LowRes.jpg was preloaded using link preload but not used within a few seconds from the window's load event. Please make sure it has an appropriate `as` value and it is preloaded intentionally. @ http://localhost:3737/:0
[   10804ms] [LOG] [Worker] downsize request #2 sent @ http://localhost:3737/_next/static/chunks/1697_next_dist_1o6awv_._.js:2477
[   10807ms] [LOG] [Worker] downsize result #2 received (4ms) @ http://localhost:3737/_next/static/chunks/1697_next_dist_1o6awv_._.js:2477
[   10993ms] [LOG] [Worker] tone request #2 sent @ http://localhost:3737/_next/static/chunks/1697_next_dist_1o6awv_._.js:2477
[   11095ms] [LOG] [Worker] tone result #2 received (102ms) @ http://localhost:3737/_next/static/chunks/1697_next_dist_1o6awv_._.js:2477
[   11317ms] [LOG] [Worker] set-source sent @ http://localhost:3737/_next/static/chunks/1697_next_dist_1o6awv_._.js:2477
[   11318ms] [LOG] [Worker] histogram request #2 sent @ http://localhost:3737/_next/static/chunks/1697_next_dist_1o6awv_._.js:2477
[   11324ms] [LOG] [Worker] histogram result #2 received (6ms) @ http://localhost:3737/_next/static/chunks/1697_next_dist_1o6awv_._.js:2477
[   13130ms] [WARNING] The resource http://localhost:3737/DSC04192_LowRes.jpg was preloaded using link preload but not used within a few seconds from the window's load event. Please make sure it has an appropriate `as` value and it is preloaded intentionally. @ http://localhost:3737/:0
[  326959ms] [ERROR] WebSocket connection to 'ws://localhost:3737/_next/webpack-hmr?id=4wHn3KPqH3p1sfv7AO4D3' failed: Error in connection establishment: net::ERR_CONNECTION_REFUSED @ http://localhost:3737/_next/static/chunks/1697_next_dist_client_0knu708._.js:13422
[  327963ms] [ERROR] WebSocket connection to 'ws://localhost:3737/_next/webpack-hmr?id=4wHn3KPqH3p1sfv7AO4D3' failed: Error in connection establishment: net::ERR_CONNECTION_REFUSED @ http://localhost:3737/_next/static/chunks/1697_next_dist_client_0knu708._.js:13422
[  328968ms] [ERROR] WebSocket connection to 'ws://localhost:3737/_next/webpack-hmr?id=4wHn3KPqH3p1sfv7AO4D3' failed: Error in connection establishment: net::ERR_CONNECTION_REFUSED @ http://localhost:3737/_next/static/chunks/1697_next_dist_client_0knu708._.js:13422
[  329972ms] [ERROR] WebSocket connection to 'ws://localhost:3737/_next/webpack-hmr?id=4wHn3KPqH3p1sfv7AO4D3' failed: Error in connection establishment: net::ERR_CONNECTION_REFUSED @ http://localhost:3737/_next/static/chunks/1697_next_dist_client_0knu708._.js:13422
[  330976ms] [ERROR] WebSocket connection to 'ws://localhost:3737/_next/webpack-hmr?id=4wHn3KPqH3p1sfv7AO4D3' failed: Error in connection establishment: net::ERR_CONNECTION_REFUSED @ http://localhost:3737/_next/static/chunks/1697_next_dist_client_0knu708._.js:13422
[  335985ms] [ERROR] WebSocket connection to 'ws://localhost:3737/_next/webpack-hmr?id=4wHn3KPqH3p1sfv7AO4D3' failed: Error in connection establishment: net::ERR_CONNECTION_REFUSED @ http://localhost:3737/_next/static/chunks/1697_next_dist_client_0knu708._.js:13422
[  340990ms] [ERROR] WebSocket connection to 'ws://localhost:3737/_next/webpack-hmr?id=4wHn3KPqH3p1sfv7AO4D3' failed: Error in connection establishment: net::ERR_CONNECTION_REFUSED @ http://localhost:3737/_next/static/chunks/1697_next_dist_client_0knu708._.js:13422
[  346008ms] [ERROR] WebSocket connection to 'ws://localhost:3737/_next/webpack-hmr?id=4wHn3KPqH3p1sfv7AO4D3' failed: Error in connection establishment: net::ERR_CONNECTION_REFUSED @ http://localhost:3737/_next/static/chunks/1697_next_dist_client_0knu708._.js:13422
[  351059ms] [ERROR] WebSocket connection to 'ws://localhost:3737/_next/webpack-hmr?id=4wHn3KPqH3p1sfv7AO4D3' failed: Error in connection establishment: net::ERR_CONNECTION_REFUSED @ http://localhost:3737/_next/static/chunks/1697_next_dist_client_0knu708._.js:13422
[  356126ms] [ERROR] WebSocket connection to 'ws://localhost:3737/_next/webpack-hmr?id=4wHn3KPqH3p1sfv7AO4D3' failed: Error in connection establishment: net::ERR_CONNECTION_REFUSED @ http://localhost:3737/_next/static/chunks/1697_next_dist_client_0knu708._.js:13422
[  361282ms] [ERROR] WebSocket connection to 'ws://localhost:3737/_next/webpack-hmr?id=4wHn3KPqH3p1sfv7AO4D3' failed: Error in connection establishment: net::ERR_CONNECTION_REFUSED @ http://localhost:3737/_next/static/chunks/1697_next_dist_client_0knu708._.js:13422
[  366510ms] [ERROR] WebSocket connection to 'ws://localhost:3737/_next/webpack-hmr?id=4wHn3KPqH3p1sfv7AO4D3' failed: Error in connection establishment: net::ERR_CONNECTION_REFUSED @ http://localhost:3737/_next/static/chunks/1697_next_dist_client_0knu708._.js:13422
